// Jest Snapshot v1, https://goo.gl/fbAQLP

exports[`renders homepage unchanged 1`] = `
<div>
  <h1
    class="text-3xl font-bold underline text-center"
  >
    Hello world!
  </h1>
</div>
`;
